---
source: src/response/delta.rs
expression: file_line
---
{
  "id": "0d166c1994fcdd317b5f18e2cfab52a0",
  "deletionVectorFileId": null,
  "version": null,
  "timestamp": null,
  "expirationTimestamp": null,
  "deltaSingleAction": {
    "add": {
      "path": "https://bucket/prefix/key.snappy.parquet?sig=foo_signature",
      "partitionValues": {},
      "size": 573,
      "modificationTime": 1619824428000,
      "dataChange": false,
      "stats": null,
      "tags": {},
      "deletionVector": {
        "storageType": "i",
        "pathOrInlineDv": "wi5b=000010000siXQKl0rr91000f55c8Xg0@@D72lkbi5=-{L",
        "offset": null,
        "sizeInBytes": 40,
        "cardinality": 6
      },
      "baseRowId": null,
      "defaultRowCommitVersion": null,
      "clusteringProvider": null
    }
  }
}
