---
source: src/state.rs
expression: response
---
{
  "items": [
    {
      "id": "edacc4a7-6600-4fbb-85f3-a62a5ce6761f",
      "name": "vaccine_share",
      "extensions": null
    },
    {
      "id": "3e979c79-6399-4dac-bcf8-54e268f48515",
      "name": "sales_share",
      "extensions": null
    }
  ],
  "next_page_token": "continuation_token"
}
